../Drivers/CMSIS/Include/core_cm3.h:1511:22:__NVIC_EnableIRQ	16	static
../Drivers/CMSIS/Include/core_cm3.h:1547:22:__NVIC_DisableIRQ	16	static,ignoring_inline_asm
../Core/Src/main.c:122:5:__io_putchar	16	static
../Core/Src/main.c:129:6:vTask_HandleInterrupt	32	static
../Core/Src/main.c:220:6:HAL_UART_RxCpltCallback	16	static
../Core/Src/main.c:238:6:vTask_ReadData	8	static
../Core/Src/main.c:262:6:vTask_Display	48	static
../Core/Src/main.c:297:6:vTask_ControlRgb	16	static
../Core/Src/main.c:306:6:vTask_SendToCom	8	static
../Core/Src/main.c:335:5:main	24	static
../Core/Src/main.c:417:6:SystemClock_Config	72	static
../Core/Src/main.c:457:13:MX_I2C2_Init	8	static
../Core/Src/main.c:491:13:MX_TIM1_Init	32	static
../Core/Src/main.c:537:13:MX_TIM2_Init	64	static
../Core/Src/main.c:604:13:MX_TIM4_Init	32	static
../Core/Src/main.c:649:13:MX_USART1_UART_Init	8	static
../Core/Src/main.c:682:13:MX_GPIO_Init	40	static
../Core/Src/main.c:726:6:Error_Handler	4	static,ignoring_inline_asm
